---
source: tests/insta.rs
expression: "to_string_ugly(&Struct{field: 0,})?"

---
- { field 0; } 
