---
source: crates/serde-kdl/tests/insta.rs
expression: "to_string(\"Hello\")?"

---
- r"Hello"
