---
source: crates/serde-kdl/tests/insta.rs
expression: to_string(&Some(0))?

---
- 0
