---
source: crates/serde-kdl/tests/insta.rs
expression: to_string(&0f32)?

---
- 0
