---
source: tests/insta.rs
expression: to_string_ugly(&Unit)?

---
- null
