---
source: crates/serde-kdl/tests/insta.rs
expression: "to_string(&Struct{field: 0,})?"

---

field 0

