---
source: crates/serde-kdl/tests/insta.rs
expression: "to_string(&Enum::Newtype(0))?"

---
(Newtype)- 0
