---
source: crates/serde-kdl/tests/insta.rs
expression: "to_string(&Enum::Unit)?"

---
(Unit)- null
