---
source: tests/insta.rs
expression: "to_string_ugly(&Enum::Newtype(0))?"

---
(Newtype)- 0
