---
source: crates/serde-kdl/tests/insta.rs
expression: "to_string(&None::<i32>)?"

---
- null
