---
source: crates/serde-kdl/tests/insta.rs
expression: to_string(&Newtype(0))?

---
- 0
