---
source: tests/insta.rs
expression: "to_string_ugly(&'ğŸ¦€')?"

---
- r"ğŸ¦€"
