---
source: tests/insta.rs
expression: to_string_ugly(&0i32)?

---
- 0
