---
source: tests/insta.rs
expression: to_string_ugly(&Some(0))?

---
- 0
