---
source: crates/serde-kdl/tests/smoke_ser.rs
expression: "to_string(Bytes::new(b\"KDL\"))?"

---
- "S0RM"
