---
source: crates/serde-kdl/tests/smoke_ser.rs
expression: to_string(&0i32)?

---
- 0
