---
source: crates/serde-kdl/tests/smoke_ser.rs
expression: to_string_ugly(&0f32)?

---
- 0
