---
source: crates/serde-kdl/tests/smoke_ser.rs
expression: "to_string_ugly(&None::<i32>)?"

---
- null
