---
source: crates/serde-kdl/tests/smoke_ser.rs
expression: "to_string_ugly(&Tuple(0, 0))?"

---
- { - 0; - 0; }
