---
source: crates/serde-kdl/tests/smoke_ser.rs
expression: to_string(&Some(0))?

---
- 0
