---
source: crates/serde-kdl/tests/smoke_ser.rs
expression: "to_string_ugly(&Enum::Struct{field: 0,})?"

---
(Struct)- { field 0; }
