---
source: crates/serde-kdl/tests/smoke_ser.rs
expression: "to_string(\"Hello\")?"

---
- r"Hello"
