---
source: crates/serde-kdl/tests/smoke_ser.rs
expression: "to_string_ugly(&Struct{field: 0,})?"

---
- { field 0; }
