---
source: tests/insta.rs
expression: "to_string_ugly(&Enum::Struct{field: 0,})?"

---
(Struct)- { field 0; } 
