---
source: tests/insta.rs
expression: to_string_ugly(&0f32)?

---
- 0
