---
source: tests/insta.rs
expression: "to_string_ugly(&None::<i32>)?"

---
- null
