---
source: tests/insta.rs
expression: "to_string_ugly(&Enum::Unit)?"

---
(Unit)- null
