---
source: tests/insta.rs
expression: "to_string_ugly(Bytes::new(b\"KDL\"))?"

---
- "S0RM"
